[root]
path = "/Users/bjk/src/github.com/bketelsen/runison/test/root2"

[path]
directories = [
    "src",
    "dotfiles"
]
[ignore]
name = [
    "*~",
    ".*~"
]
path = [
    "*node_modules*"
]